// Jest Snapshot v1, https://goo.gl/fbAQLP

exports[`Home component snapshot renders 1`] = `
<div
  className="main"
>
  <p
    className="intro"
  >
    Lorem ipsum dolor sit amet, consectetur adipiscing elit, sed do eiusmod tempor incididunt ut labore et dolore magna aliqua. Ut enim ad minim veniam, quis nostrud exercitation ullamco laboris nisi ut aliquip ex ea commodo consequat. Duis aute irure dolor in reprehenderit in voluptate velit esse cillum dolore eu fugiat nulla pariatur. Excepteur sint occaecat cupidatat non proident, sunt in culpa qui officia deserunt mollit anim id est laborum.
  </p>
  <div
    className="contain"
  >
    <div
      className="card"
    >
      <div
        className="card-content"
      >
        <span>
          <p
            className="title"
          >
            title section
          </p>
        </span>
        <span>
          <p>
            summary section
          </p>
        </span>
        <a
          href="title section"
          onClick={[Function]}
        >
          <img
            alt="title section"
            src="http://gtest.dev.wwbtc.comimage section"
          />
        </a>
      </div>
    </div>
    <div
      className="card"
    >
      <div
        className="card-content"
      >
        <span>
          <p
            className="title"
          >
            title section
          </p>
        </span>
        <span>
          <p>
            summary section
          </p>
        </span>
        <a
          href="title section"
          onClick={[Function]}
        >
          <img
            alt="title section"
            src="http://gtest.dev.wwbtc.comimage section"
          />
        </a>
      </div>
    </div>
  </div>
</div>
`;
