// Jest Snapshot v1, https://goo.gl/fbAQLP

exports[`App component snapshot renders App.js 1`] = `
<div>
  <div>
    <nav
      className="navbar navbar-expand-md navbar-dark "
      id="navColor"
    >
      <a
        className="navbar-brand"
        href="#"
      >
        Recipe Magazine
      </a>
      <ul
        className="navbar-nav"
      >
        <li
          className="nav-item"
        >
          <a
            className="nav-link"
            href="#"
          >
            Home
          </a>
        </li>
        <li
          className="nav-item"
        >
          <a
            className="nav-link"
            href="#"
          >
            Recipes
          </a>
        </li>
      </ul>
    </nav>
  </div>
  <div
    className="main"
  >
    <p
      className="intro"
    >
      Oops no data found for homepage on content manager
    </p>
    <div
      className="contain"
    >
      <p>
        Oops no data found for recipes on content manager
      </p>
    </div>
  </div>
  <div
    className="footer"
  >
    <div
      className="footer-copyright text-center py-3 "
    >
      Â© 2019 Copyright:
      <a
        href="https://github.com/Bherekhet/Drupal-React.git"
      >
         Bereket Degefa
      </a>
    </div>
  </div>
</div>
`;
